MO chao_top NULL chao_top.v vlg75/chao__top.bin 1493217346
MO x7seg NULL x7seg.v vlg6E/x7seg.bin 1493217346
MO GenerateTime NULL generateTime.v vlg0A/_generate_time.bin 1493217346
MO chaoImpulse NULL chaoImpulse.v vlg7A/chao_impulse.bin 1493217346
MO chao_count NULL chao_count.v vlg03/chao__count.bin 1493217346
