MO DIstanceMeasure NULL DistanceMeasure.v vlg0D/_d_istance_measure.bin 1494073486
MO chao_measure NULL chao_measure.v vlg68/chao__measure.bin 1494073486
MO x7segdot NULL x7segdot.v vlg19/x7segdot.bin 1494073486
MO x7seg NULL x7seg.v vlg6E/x7seg.bin 1494073486
MO DevideFrequency NULL DevideFrequency.v vlg63/_devide_frequency.bin 1494073486
